// Jest Snapshot v1, https://goo.gl/fbAQLP

exports[`gets the version 1`] = `"0.1.2"`;
